// Jest Snapshot v1, https://goo.gl/fbAQLP

exports[`Login component test with Enzyme renders snapshot 1`] = `
<styled.div>
  <styled.div>
    LogIn
  </styled.div>
  <styled.form
    onSubmit={[Function]}
  >
    <styled.input
      name="email"
      onChange={[Function]}
      placeholder="Email"
      required={true}
      type="email"
      value=""
    />
    <styled.input
      name="password"
      onChange={[Function]}
      placeholder="Password"
      required={true}
      type="password"
      value=""
    />
    <styled.button>
      LogIn
    </styled.button>
  </styled.form>
  <styled.div>
    <styled.button
      onClick={[Function]}
      type="button"
    />
    <styled.button
      onClick={[Function]}
      type="button"
    />
  </styled.div>
  <styled.div>
    Dont have an accout?
     Â 
    <Link
      to="/register"
    >
      Sign Up
    </Link>
  </styled.div>
</styled.div>
`;
